15:29:27 **** Build of configuration Debug for project Template_Project ****
make -j4 all 
arm-none-eabi-gcc -mcpu=cortex-m0plus -g3 -c -I../ -x assembler-with-cpp --specs=nano.specs -mfloat-abi=soft -mthumb -o "Startup/startup_stm32l052c8tx.o" "../Startup/startup_stm32l052c8tx.s"
arm-none-eabi-gcc "../Src/gpio.c" -mcpu=cortex-m0plus -std=gnu11 -g3 -DUSE_HAL_DRIVER -DSTM32L052xx -DDEBUG -c -I../Inc -I../Drivers/CMSIS/Include -I../Drivers/STM32L0xx_HAL_Driver/Inc -I../Drivers/CMSIS/Device/ST/STM32L0xx/Include -I../Drivers/STM32L0xx_HAL_Driver/Inc/Legacy -O3 -ffunction-sections -fdata-sections -Wall -fstack-usage -MMD -MP -MF"Src/gpio.d" -MT"Src/gpio.o" --specs=nano.specs -mfloat-abi=soft -mthumb -o "Src/gpio.o"
arm-none-eabi-gcc "../Src/main.c" -mcpu=cortex-m0plus -std=gnu11 -g3 -DUSE_HAL_DRIVER -DSTM32L052xx -DDEBUG -c -I../Inc -I../Drivers/CMSIS/Include -I../Drivers/STM32L0xx_HAL_Driver/Inc -I../Drivers/CMSIS/Device/ST/STM32L0xx/Include -I../Drivers/STM32L0xx_HAL_Driver/Inc/Legacy -O3 -ffunction-sections -fdata-sections -Wall -fstack-usage -MMD -MP -MF"Src/main.d" -MT"Src/main.o" --specs=nano.specs -mfloat-abi=soft -mthumb -o "Src/main.o"
arm-none-eabi-gcc "../Src/sigfox.c" -mcpu=cortex-m0plus -std=gnu11 -g3 -DUSE_HAL_DRIVER -DSTM32L052xx -DDEBUG -c -I../Inc -I../Drivers/CMSIS/Include -I../Drivers/STM32L0xx_HAL_Driver/Inc -I../Drivers/CMSIS/Device/ST/STM32L0xx/Include -I../Drivers/STM32L0xx_HAL_Driver/Inc/Legacy -O3 -ffunction-sections -fdata-sections -Wall -fstack-usage -MMD -MP -MF"Src/sigfox.d" -MT"Src/sigfox.o" --specs=nano.specs -mfloat-abi=soft -mthumb -o "Src/sigfox.o"
arm-none-eabi-gcc "../Src/stm32l0xx_hal_msp.c" -mcpu=cortex-m0plus -std=gnu11 -g3 -DUSE_HAL_DRIVER -DSTM32L052xx -DDEBUG -c -I../Inc -I../Drivers/CMSIS/Include -I../Drivers/STM32L0xx_HAL_Driver/Inc -I../Drivers/CMSIS/Device/ST/STM32L0xx/Include -I../Drivers/STM32L0xx_HAL_Driver/Inc/Legacy -O3 -ffunction-sections -fdata-sections -Wall -fstack-usage -MMD -MP -MF"Src/stm32l0xx_hal_msp.d" -MT"Src/stm32l0xx_hal_msp.o" --specs=nano.specs -mfloat-abi=soft -mthumb -o "Src/stm32l0xx_hal_msp.o"
arm-none-eabi-gcc "../Src/stm32l0xx_it.c" -mcpu=cortex-m0plus -std=gnu11 -g3 -DUSE_HAL_DRIVER -DSTM32L052xx -DDEBUG -c -I../Inc -I../Drivers/CMSIS/Include -I../Drivers/STM32L0xx_HAL_Driver/Inc -I../Drivers/CMSIS/Device/ST/STM32L0xx/Include -I../Drivers/STM32L0xx_HAL_Driver/Inc/Legacy -O3 -ffunction-sections -fdata-sections -Wall -fstack-usage -MMD -MP -MF"Src/stm32l0xx_it.d" -MT"Src/stm32l0xx_it.o" --specs=nano.specs -mfloat-abi=soft -mthumb -o "Src/stm32l0xx_it.o"
arm-none-eabi-gcc "../Src/sys.c" -mcpu=cortex-m0plus -std=gnu11 -g3 -DUSE_HAL_DRIVER -DSTM32L052xx -DDEBUG -c -I../Inc -I../Drivers/CMSIS/Include -I../Drivers/STM32L0xx_HAL_Driver/Inc -I../Drivers/CMSIS/Device/ST/STM32L0xx/Include -I../Drivers/STM32L0xx_HAL_Driver/Inc/Legacy -O3 -ffunction-sections -fdata-sections -Wall -fstack-usage -MMD -MP -MF"Src/sys.d" -MT"Src/sys.o" --specs=nano.specs -mfloat-abi=soft -mthumb -o "Src/sys.o"
arm-none-eabi-gcc "../Src/syscalls.c" -mcpu=cortex-m0plus -std=gnu11 -g3 -DUSE_HAL_DRIVER -DSTM32L052xx -DDEBUG -c -I../Inc -I../Drivers/CMSIS/Include -I../Drivers/STM32L0xx_HAL_Driver/Inc -I../Drivers/CMSIS/Device/ST/STM32L0xx/Include -I../Drivers/STM32L0xx_HAL_Driver/Inc/Legacy -O3 -ffunction-sections -fdata-sections -Wall -fstack-usage -MMD -MP -MF"Src/syscalls.d" -MT"Src/syscalls.o" --specs=nano.specs -mfloat-abi=soft -mthumb -o "Src/syscalls.o"
arm-none-eabi-gcc "../Src/sysmem.c" -mcpu=cortex-m0plus -std=gnu11 -g3 -DUSE_HAL_DRIVER -DSTM32L052xx -DDEBUG -c -I../Inc -I../Drivers/CMSIS/Include -I../Drivers/STM32L0xx_HAL_Driver/Inc -I../Drivers/CMSIS/Device/ST/STM32L0xx/Include -I../Drivers/STM32L0xx_HAL_Driver/Inc/Legacy -O3 -ffunction-sections -fdata-sections -Wall -fstack-usage -MMD -MP -MF"Src/sysmem.d" -MT"Src/sysmem.o" --specs=nano.specs -mfloat-abi=soft -mthumb -o "Src/sysmem.o"
arm-none-eabi-gcc "../Src/system_stm32l0xx.c" -mcpu=cortex-m0plus -std=gnu11 -g3 -DUSE_HAL_DRIVER -DSTM32L052xx -DDEBUG -c -I../Inc -I../Drivers/CMSIS/Include -I../Drivers/STM32L0xx_HAL_Driver/Inc -I../Drivers/CMSIS/Device/ST/STM32L0xx/Include -I../Drivers/STM32L0xx_HAL_Driver/Inc/Legacy -O3 -ffunction-sections -fdata-sections -Wall -fstack-usage -MMD -MP -MF"Src/system_stm32l0xx.d" -MT"Src/system_stm32l0xx.o" --specs=nano.specs -mfloat-abi=soft -mthumb -o "Src/system_stm32l0xx.o"
arm-none-eabi-gcc "../Src/usart.c" -mcpu=cortex-m0plus -std=gnu11 -g3 -DUSE_HAL_DRIVER -DSTM32L052xx -DDEBUG -c -I../Inc -I../Drivers/CMSIS/Include -I../Drivers/STM32L0xx_HAL_Driver/Inc -I../Drivers/CMSIS/Device/ST/STM32L0xx/Include -I../Drivers/STM32L0xx_HAL_Driver/Inc/Legacy -O3 -ffunction-sections -fdata-sections -Wall -fstack-usage -MMD -MP -MF"Src/usart.d" -MT"Src/usart.o" --specs=nano.specs -mfloat-abi=soft -mthumb -o "Src/usart.o"
arm-none-eabi-gcc "../Drivers/STM32L0xx_HAL_Driver/Src/stm32l0xx_hal.c" -mcpu=cortex-m0plus -std=gnu11 -g3 -DUSE_HAL_DRIVER -DSTM32L052xx -DDEBUG -c -I../Inc -I../Drivers/CMSIS/Include -I../Drivers/STM32L0xx_HAL_Driver/Inc -I../Drivers/CMSIS/Device/ST/STM32L0xx/Include -I../Drivers/STM32L0xx_HAL_Driver/Inc/Legacy -O3 -ffunction-sections -fdata-sections -Wall -fstack-usage -MMD -MP -MF"Drivers/STM32L0xx_HAL_Driver/Src/stm32l0xx_hal.d" -MT"Drivers/STM32L0xx_HAL_Driver/Src/stm32l0xx_hal.o" --specs=nano.specs -mfloat-abi=soft -mthumb -o "Drivers/STM32L0xx_HAL_Driver/Src/stm32l0xx_hal.o"
arm-none-eabi-gcc "../Drivers/STM32L0xx_HAL_Driver/Src/stm32l0xx_hal_cortex.c" -mcpu=cortex-m0plus -std=gnu11 -g3 -DUSE_HAL_DRIVER -DSTM32L052xx -DDEBUG -c -I../Inc -I../Drivers/CMSIS/Include -I../Drivers/STM32L0xx_HAL_Driver/Inc -I../Drivers/CMSIS/Device/ST/STM32L0xx/Include -I../Drivers/STM32L0xx_HAL_Driver/Inc/Legacy -O3 -ffunction-sections -fdata-sections -Wall -fstack-usage -MMD -MP -MF"Drivers/STM32L0xx_HAL_Driver/Src/stm32l0xx_hal_cortex.d" -MT"Drivers/STM32L0xx_HAL_Driver/Src/stm32l0xx_hal_cortex.o" --specs=nano.specs -mfloat-abi=soft -mthumb -o "Drivers/STM32L0xx_HAL_Driver/Src/stm32l0xx_hal_cortex.o"
arm-none-eabi-gcc "../Drivers/STM32L0xx_HAL_Driver/Src/stm32l0xx_hal_dma.c" -mcpu=cortex-m0plus -std=gnu11 -g3 -DUSE_HAL_DRIVER -DSTM32L052xx -DDEBUG -c -I../Inc -I../Drivers/CMSIS/Include -I../Drivers/STM32L0xx_HAL_Driver/Inc -I../Drivers/CMSIS/Device/ST/STM32L0xx/Include -I../Drivers/STM32L0xx_HAL_Driver/Inc/Legacy -O3 -ffunction-sections -fdata-sections -Wall -fstack-usage -MMD -MP -MF"Drivers/STM32L0xx_HAL_Driver/Src/stm32l0xx_hal_dma.d" -MT"Drivers/STM32L0xx_HAL_Driver/Src/stm32l0xx_hal_dma.o" --specs=nano.specs -mfloat-abi=soft -mthumb -o "Drivers/STM32L0xx_HAL_Driver/Src/stm32l0xx_hal_dma.o"
arm-none-eabi-gcc "../Drivers/STM32L0xx_HAL_Driver/Src/stm32l0xx_hal_flash.c" -mcpu=cortex-m0plus -std=gnu11 -g3 -DUSE_HAL_DRIVER -DSTM32L052xx -DDEBUG -c -I../Inc -I../Drivers/CMSIS/Include -I../Drivers/STM32L0xx_HAL_Driver/Inc -I../Drivers/CMSIS/Device/ST/STM32L0xx/Include -I../Drivers/STM32L0xx_HAL_Driver/Inc/Legacy -O3 -ffunction-sections -fdata-sections -Wall -fstack-usage -MMD -MP -MF"Drivers/STM32L0xx_HAL_Driver/Src/stm32l0xx_hal_flash.d" -MT"Drivers/STM32L0xx_HAL_Driver/Src/stm32l0xx_hal_flash.o" --specs=nano.specs -mfloat-abi=soft -mthumb -o "Drivers/STM32L0xx_HAL_Driver/Src/stm32l0xx_hal_flash.o"
arm-none-eabi-gcc "../Drivers/STM32L0xx_HAL_Driver/Src/stm32l0xx_hal_flash_ex.c" -mcpu=cortex-m0plus -std=gnu11 -g3 -DUSE_HAL_DRIVER -DSTM32L052xx -DDEBUG -c -I../Inc -I../Drivers/CMSIS/Include -I../Drivers/STM32L0xx_HAL_Driver/Inc -I../Drivers/CMSIS/Device/ST/STM32L0xx/Include -I../Drivers/STM32L0xx_HAL_Driver/Inc/Legacy -O3 -ffunction-sections -fdata-sections -Wall -fstack-usage -MMD -MP -MF"Drivers/STM32L0xx_HAL_Driver/Src/stm32l0xx_hal_flash_ex.d" -MT"Drivers/STM32L0xx_HAL_Driver/Src/stm32l0xx_hal_flash_ex.o" --specs=nano.specs -mfloat-abi=soft -mthumb -o "Drivers/STM32L0xx_HAL_Driver/Src/stm32l0xx_hal_flash_ex.o"
arm-none-eabi-gcc "../Drivers/STM32L0xx_HAL_Driver/Src/stm32l0xx_hal_flash_ramfunc.c" -mcpu=cortex-m0plus -std=gnu11 -g3 -DUSE_HAL_DRIVER -DSTM32L052xx -DDEBUG -c -I../Inc -I../Drivers/CMSIS/Include -I../Drivers/STM32L0xx_HAL_Driver/Inc -I../Drivers/CMSIS/Device/ST/STM32L0xx/Include -I../Drivers/STM32L0xx_HAL_Driver/Inc/Legacy -O3 -ffunction-sections -fdata-sections -Wall -fstack-usage -MMD -MP -MF"Drivers/STM32L0xx_HAL_Driver/Src/stm32l0xx_hal_flash_ramfunc.d" -MT"Drivers/STM32L0xx_HAL_Driver/Src/stm32l0xx_hal_flash_ramfunc.o" --specs=nano.specs -mfloat-abi=soft -mthumb -o "Drivers/STM32L0xx_HAL_Driver/Src/stm32l0xx_hal_flash_ramfunc.o"
arm-none-eabi-gcc "../Drivers/STM32L0xx_HAL_Driver/Src/stm32l0xx_hal_gpio.c" -mcpu=cortex-m0plus -std=gnu11 -g3 -DUSE_HAL_DRIVER -DSTM32L052xx -DDEBUG -c -I../Inc -I../Drivers/CMSIS/Include -I../Drivers/STM32L0xx_HAL_Driver/Inc -I../Drivers/CMSIS/Device/ST/STM32L0xx/Include -I../Drivers/STM32L0xx_HAL_Driver/Inc/Legacy -O3 -ffunction-sections -fdata-sections -Wall -fstack-usage -MMD -MP -MF"Drivers/STM32L0xx_HAL_Driver/Src/stm32l0xx_hal_gpio.d" -MT"Drivers/STM32L0xx_HAL_Driver/Src/stm32l0xx_hal_gpio.o" --specs=nano.specs -mfloat-abi=soft -mthumb -o "Drivers/STM32L0xx_HAL_Driver/Src/stm32l0xx_hal_gpio.o"
arm-none-eabi-gcc "../Drivers/STM32L0xx_HAL_Driver/Src/stm32l0xx_hal_i2c.c" -mcpu=cortex-m0plus -std=gnu11 -g3 -DUSE_HAL_DRIVER -DSTM32L052xx -DDEBUG -c -I../Inc -I../Drivers/CMSIS/Include -I../Drivers/STM32L0xx_HAL_Driver/Inc -I../Drivers/CMSIS/Device/ST/STM32L0xx/Include -I../Drivers/STM32L0xx_HAL_Driver/Inc/Legacy -O3 -ffunction-sections -fdata-sections -Wall -fstack-usage -MMD -MP -MF"Drivers/STM32L0xx_HAL_Driver/Src/stm32l0xx_hal_i2c.d" -MT"Drivers/STM32L0xx_HAL_Driver/Src/stm32l0xx_hal_i2c.o" --specs=nano.specs -mfloat-abi=soft -mthumb -o "Drivers/STM32L0xx_HAL_Driver/Src/stm32l0xx_hal_i2c.o"
arm-none-eabi-gcc "../Drivers/STM32L0xx_HAL_Driver/Src/stm32l0xx_hal_i2c_ex.c" -mcpu=cortex-m0plus -std=gnu11 -g3 -DUSE_HAL_DRIVER -DSTM32L052xx -DDEBUG -c -I../Inc -I../Drivers/CMSIS/Include -I../Drivers/STM32L0xx_HAL_Driver/Inc -I../Drivers/CMSIS/Device/ST/STM32L0xx/Include -I../Drivers/STM32L0xx_HAL_Driver/Inc/Legacy -O3 -ffunction-sections -fdata-sections -Wall -fstack-usage -MMD -MP -MF"Drivers/STM32L0xx_HAL_Driver/Src/stm32l0xx_hal_i2c_ex.d" -MT"Drivers/STM32L0xx_HAL_Driver/Src/stm32l0xx_hal_i2c_ex.o" --specs=nano.specs -mfloat-abi=soft -mthumb -o "Drivers/STM32L0xx_HAL_Driver/Src/stm32l0xx_hal_i2c_ex.o"
arm-none-eabi-gcc "../Drivers/STM32L0xx_HAL_Driver/Src/stm32l0xx_hal_pwr.c" -mcpu=cortex-m0plus -std=gnu11 -g3 -DUSE_HAL_DRIVER -DSTM32L052xx -DDEBUG -c -I../Inc -I../Drivers/CMSIS/Include -I../Drivers/STM32L0xx_HAL_Driver/Inc -I../Drivers/CMSIS/Device/ST/STM32L0xx/Include -I../Drivers/STM32L0xx_HAL_Driver/Inc/Legacy -O3 -ffunction-sections -fdata-sections -Wall -fstack-usage -MMD -MP -MF"Drivers/STM32L0xx_HAL_Driver/Src/stm32l0xx_hal_pwr.d" -MT"Drivers/STM32L0xx_HAL_Driver/Src/stm32l0xx_hal_pwr.o" --specs=nano.specs -mfloat-abi=soft -mthumb -o "Drivers/STM32L0xx_HAL_Driver/Src/stm32l0xx_hal_pwr.o"
arm-none-eabi-gcc "../Drivers/STM32L0xx_HAL_Driver/Src/stm32l0xx_hal_pwr_ex.c" -mcpu=cortex-m0plus -std=gnu11 -g3 -DUSE_HAL_DRIVER -DSTM32L052xx -DDEBUG -c -I../Inc -I../Drivers/CMSIS/Include -I../Drivers/STM32L0xx_HAL_Driver/Inc -I../Drivers/CMSIS/Device/ST/STM32L0xx/Include -I../Drivers/STM32L0xx_HAL_Driver/Inc/Legacy -O3 -ffunction-sections -fdata-sections -Wall -fstack-usage -MMD -MP -MF"Drivers/STM32L0xx_HAL_Driver/Src/stm32l0xx_hal_pwr_ex.d" -MT"Drivers/STM32L0xx_HAL_Driver/Src/stm32l0xx_hal_pwr_ex.o" --specs=nano.specs -mfloat-abi=soft -mthumb -o "Drivers/STM32L0xx_HAL_Driver/Src/stm32l0xx_hal_pwr_ex.o"
arm-none-eabi-gcc "../Drivers/STM32L0xx_HAL_Driver/Src/stm32l0xx_hal_rcc.c" -mcpu=cortex-m0plus -std=gnu11 -g3 -DUSE_HAL_DRIVER -DSTM32L052xx -DDEBUG -c -I../Inc -I../Drivers/CMSIS/Include -I../Drivers/STM32L0xx_HAL_Driver/Inc -I../Drivers/CMSIS/Device/ST/STM32L0xx/Include -I../Drivers/STM32L0xx_HAL_Driver/Inc/Legacy -O3 -ffunction-sections -fdata-sections -Wall -fstack-usage -MMD -MP -MF"Drivers/STM32L0xx_HAL_Driver/Src/stm32l0xx_hal_rcc.d" -MT"Drivers/STM32L0xx_HAL_Driver/Src/stm32l0xx_hal_rcc.o" --specs=nano.specs -mfloat-abi=soft -mthumb -o "Drivers/STM32L0xx_HAL_Driver/Src/stm32l0xx_hal_rcc.o"
arm-none-eabi-gcc "../Drivers/STM32L0xx_HAL_Driver/Src/stm32l0xx_hal_rcc_ex.c" -mcpu=cortex-m0plus -std=gnu11 -g3 -DUSE_HAL_DRIVER -DSTM32L052xx -DDEBUG -c -I../Inc -I../Drivers/CMSIS/Include -I../Drivers/STM32L0xx_HAL_Driver/Inc -I../Drivers/CMSIS/Device/ST/STM32L0xx/Include -I../Drivers/STM32L0xx_HAL_Driver/Inc/Legacy -O3 -ffunction-sections -fdata-sections -Wall -fstack-usage -MMD -MP -MF"Drivers/STM32L0xx_HAL_Driver/Src/stm32l0xx_hal_rcc_ex.d" -MT"Drivers/STM32L0xx_HAL_Driver/Src/stm32l0xx_hal_rcc_ex.o" --specs=nano.specs -mfloat-abi=soft -mthumb -o "Drivers/STM32L0xx_HAL_Driver/Src/stm32l0xx_hal_rcc_ex.o"
arm-none-eabi-gcc "../Drivers/STM32L0xx_HAL_Driver/Src/stm32l0xx_hal_tim.c" -mcpu=cortex-m0plus -std=gnu11 -g3 -DUSE_HAL_DRIVER -DSTM32L052xx -DDEBUG -c -I../Inc -I../Drivers/CMSIS/Include -I../Drivers/STM32L0xx_HAL_Driver/Inc -I../Drivers/CMSIS/Device/ST/STM32L0xx/Include -I../Drivers/STM32L0xx_HAL_Driver/Inc/Legacy -O3 -ffunction-sections -fdata-sections -Wall -fstack-usage -MMD -MP -MF"Drivers/STM32L0xx_HAL_Driver/Src/stm32l0xx_hal_tim.d" -MT"Drivers/STM32L0xx_HAL_Driver/Src/stm32l0xx_hal_tim.o" --specs=nano.specs -mfloat-abi=soft -mthumb -o "Drivers/STM32L0xx_HAL_Driver/Src/stm32l0xx_hal_tim.o"
arm-none-eabi-gcc "../Drivers/STM32L0xx_HAL_Driver/Src/stm32l0xx_hal_tim_ex.c" -mcpu=cortex-m0plus -std=gnu11 -g3 -DUSE_HAL_DRIVER -DSTM32L052xx -DDEBUG -c -I../Inc -I../Drivers/CMSIS/Include -I../Drivers/STM32L0xx_HAL_Driver/Inc -I../Drivers/CMSIS/Device/ST/STM32L0xx/Include -I../Drivers/STM32L0xx_HAL_Driver/Inc/Legacy -O3 -ffunction-sections -fdata-sections -Wall -fstack-usage -MMD -MP -MF"Drivers/STM32L0xx_HAL_Driver/Src/stm32l0xx_hal_tim_ex.d" -MT"Drivers/STM32L0xx_HAL_Driver/Src/stm32l0xx_hal_tim_ex.o" --specs=nano.specs -mfloat-abi=soft -mthumb -o "Drivers/STM32L0xx_HAL_Driver/Src/stm32l0xx_hal_tim_ex.o"
arm-none-eabi-gcc "../Drivers/STM32L0xx_HAL_Driver/Src/stm32l0xx_hal_uart.c" -mcpu=cortex-m0plus -std=gnu11 -g3 -DUSE_HAL_DRIVER -DSTM32L052xx -DDEBUG -c -I../Inc -I../Drivers/CMSIS/Include -I../Drivers/STM32L0xx_HAL_Driver/Inc -I../Drivers/CMSIS/Device/ST/STM32L0xx/Include -I../Drivers/STM32L0xx_HAL_Driver/Inc/Legacy -O3 -ffunction-sections -fdata-sections -Wall -fstack-usage -MMD -MP -MF"Drivers/STM32L0xx_HAL_Driver/Src/stm32l0xx_hal_uart.d" -MT"Drivers/STM32L0xx_HAL_Driver/Src/stm32l0xx_hal_uart.o" --specs=nano.specs -mfloat-abi=soft -mthumb -o "Drivers/STM32L0xx_HAL_Driver/Src/stm32l0xx_hal_uart.o"
arm-none-eabi-gcc "../Drivers/STM32L0xx_HAL_Driver/Src/stm32l0xx_hal_uart_ex.c" -mcpu=cortex-m0plus -std=gnu11 -g3 -DUSE_HAL_DRIVER -DSTM32L052xx -DDEBUG -c -I../Inc -I../Drivers/CMSIS/Include -I../Drivers/STM32L0xx_HAL_Driver/Inc -I../Drivers/CMSIS/Device/ST/STM32L0xx/Include -I../Drivers/STM32L0xx_HAL_Driver/Inc/Legacy -O3 -ffunction-sections -fdata-sections -Wall -fstack-usage -MMD -MP -MF"Drivers/STM32L0xx_HAL_Driver/Src/stm32l0xx_hal_uart_ex.d" -MT"Drivers/STM32L0xx_HAL_Driver/Src/stm32l0xx_hal_uart_ex.o" --specs=nano.specs -mfloat-abi=soft -mthumb -o "Drivers/STM32L0xx_HAL_Driver/Src/stm32l0xx_hal_uart_ex.o"
arm-none-eabi-gcc -o "Template_Project.elf" @"objects.list"   -mcpu=cortex-m0plus -T"D:\Github\warefab\Warefab-Konnect-Sigfox-Dev-Board\Extensions\Template_Project\STM32L052C8TX_FLASH.ld" --specs=nosys.specs -Wl,-Map="Template_Project.map" -Wl,--gc-sections -static --specs=nano.specs -mfloat-abi=soft -mthumb -u _printf_float -u _scanf_float -Wl,--start-group -lc -lm -Wl,--end-group
Finished building target: Template_Project.elf
 
arm-none-eabi-size   Template_Project.elf 
arm-none-eabi-objdump -h -S  Template_Project.elf  > "Template_Project.list"
   text	   data	    bss	    dec	    hex	filename
  32244	    476	   1972	  34692	   8784	Template_Project.elf
Finished building: default.size.stdout
 
Finished building: Template_Project.list
 
arm-none-eabi-objcopy.exe -O ihex "Template_Project.elf" "Template_Project.hex"
arm-none-eabi-objcopy.exe -O binary "Template_Project.elf" "Template_Project.bin"
 

15:29:51 Build Finished. 0 errors, 0 warnings. (took 23s.241ms)

